// Jest Snapshot v1, https://goo.gl/fbAQLP

exports[`components/EditChannelSubscription should match snapshot with no subscriptions 1`] = `
<form
  role="form"
>
  <div
    className="margin-bottom x3 text-center"
  >
    <h2>
      Add Subscription Template
    </h2>
  </div>
  <div
    style={
      Object {
        "backgroundColor": "#ffffff",
        "color": "#3d3c40",
        "padding": "2em 2em 3em",
      }
    }
  >
    <div
      className="container-fluid"
    >
      <Input
        addValidate={[Function]}
        label="Subscription Name"
        maxLength={100}
        onChange={[Function]}
        placeholder="Name"
        readOnly={false}
        removeValidate={[Function]}
        required={true}
        type="input"
        value={null}
      />
    </div>
    <div
      className="container-fluid"
    >
      <Connect(JiraInstanceAndProjectSelector)
        addValidate={[Function]}
        onError={[Function]}
        onInstanceChange={[Function]}
        onProjectChange={[Function]}
        removeValidate={[Function]}
        selectedInstanceID="https://something.atlassian.net"
        theme={
          Object {
            "awayIndicator": "#ffbc42",
            "buttonBg": "#166de0",
            "buttonColor": "#ffffff",
            "centerChannelBg": "#ffffff",
            "centerChannelColor": "#3d3c40",
            "codeTheme": "github",
            "dndIndicator": "#f74343",
            "errorTextColor": "#fd5960",
            "linkColor": "#2389d7",
            "mentionBg": "#ffffff",
            "mentionBj": "#ffffff",
            "mentionColor": "#145dbf",
            "mentionHighlightBg": "#ffe577",
            "mentionHighlightLink": "#166de0",
            "newMessageSeparator": "#ff8800",
            "onlineIndicator": "#06d6a0",
            "sidebarBg": "#145dbf",
            "sidebarHeaderBg": "#1153ab",
            "sidebarHeaderTextColor": "#ffffff",
            "sidebarText": "#ffffff",
            "sidebarTextActiveBorder": "#579eff",
            "sidebarTextActiveColor": "#ffffff",
            "sidebarTextHoverBg": "#4578bf",
            "sidebarUnreadText": "#ffffff",
            "type": "Mattermost",
          }
        }
      />
    </div>
  </div>
  <ModalFooter
    bsClass="modal-footer"
    componentClass="div"
    style={
      Object {
        "padding": "2rem 15px",
      }
    }
  >
    <FormButton
      btnClass="btn-danger pull-left"
      defaultMessage="Delete"
      disabled={true}
      extraClasses=""
      id="jira-delete-subscription"
      onClick={[Function]}
      savingMessage="Creating"
      type="button"
    />
    <FormButton
      btnClass="btn-link"
      defaultMessage="Cancel"
      disabled={false}
      extraClasses=""
      onClick={[Function]}
      savingMessage="Creating"
      type="button"
    />
    <FormButton
      btnClass="btn-primary"
      defaultMessage="Add Template"
      disabled={true}
      extraClasses=""
      onClick={[Function]}
      saving={false}
      savingMessage="Saving..."
      type="button"
    />
  </ModalFooter>
</form>
`;
